=== 登录 ===
OK token=eyJhbGciOiJIUzI1NiIs...
=== [1] 全量 GET list (page_size=5) ===
aitalk_modelview                           HTTP 200  ?
announcement_modelview                     HTTP 200  ?
chat_modelview                             HTTP 200  ?
dataset_modelview                          HTTP 200  ?
dimension_table_modelview                  HTTP 200  ?
docker_modelview                           HTTP 200  ?
etl_pipeline_modelview                     HTTP 200  ?
etl_task_modelview                         HTTP 200  ?
images_modelview                           HTTP 200  ?
inferenceservice_modelview                 HTTP 200  ?
job_template_fab_modelview                 HTTP 200  ?
job_template_modelview                     HTTP 200  ?
log_modelview                              HTTP 200  ?
metadata_metric_modelview                  HTTP 200  ?
metadata_table_modelview                   HTTP 200  ?
model_market                               HTTP 404  ?
nni_modelview                              HTTP 200  ?
notebook_modelview                         HTTP 200  ?
pipeline_modelview                         HTTP 200  ?
platform_config_modelview                  HTTP 200  ?
project_modelview                          HTTP 200  ?
project_user_modelview                     HTTP 200  ?
repository_modelview                       HTTP 200  ?
runhistory_modelview                       HTTP 200  ?
service_modelview                          HTTP 200  ?
task_modelview                             HTTP 200  ?
total_resource                             HTTP 200  ?
training_model_modelview                   HTTP 200  ?
workflow_modelview                         HTTP 200  ?
=== [2] 全量 GET _info ===
aitalk_modelview                           HTTP 200
announcement_modelview                     HTTP 200
chat_modelview                             HTTP 200
dataset_modelview                          HTTP 200
dimension_table_modelview                  HTTP 200
docker_modelview                           HTTP 200
etl_pipeline_modelview                     HTTP 200
etl_task_modelview                         HTTP 200
images_modelview                           HTTP 200
inferenceservice_modelview                 HTTP 200
job_template_fab_modelview                 HTTP 200
job_template_modelview                     HTTP 200
log_modelview                              HTTP 200
metadata_metric_modelview                  HTTP 200
metadata_table_modelview                   HTTP 200
model_market                               HTTP 404
nni_modelview                              HTTP 200
notebook_modelview                         HTTP 200
pipeline_modelview                         HTTP 200
platform_config_modelview                  HTTP 200
project_modelview                          HTTP 200
project_user_modelview                     HTTP 200
repository_modelview                       HTTP 200
runhistory_modelview                       HTTP 200
service_modelview                          HTTP 200
task_modelview                             HTTP 200
total_resource                             HTTP 200
training_model_modelview                   HTTP 200
workflow_modelview                         HTTP 200
=== [3] announcement 增删改查闭环 ===
create -> id=1  raw={"result":{"title":"py312-regress-temp","content":"regression test payload","is_
show #1  HTTP 200  {"result":{"title":"py312-regress-temp","content":"regression test payload","is_active":fa
update HTTP 200  {"status":0,"message":"success","result":{"changed_on":"2026-09-08T02:49:59","id":1,"title
delete HTTP 200  {"status":0,"message":"success","result":{"id":1,"title":"py312-regress-updated","content"
verify-deleted HTTP 404 (期望 404)
=== 回归完成 ===
